// Jest Snapshot v1, https://goo.gl/fbAQLP

exports[`renders correctly 1`] = `
<View
  style={
    Object {
      "flex": 1,
      "paddingTop": 22,
    }
  }
>
  <View>
    <Text
      accessible={true}
      allowFontScaling={true}
      ellipsizeMode="tail"
    >
       
       
    </Text>
  </View>
  <View
    style={
      Object {
        "flex": 1,
      }
    }
  >
    <TextInput
      allowFontScaling={true}
      onChangeText={[Function]}
      style={
        Object {
          "borderTopWidth": 2,
          "height": 40,
          "marginTop": 20,
        }
      }
      value="Homework"
    />
    <View
      accessibilityComponentType="button"
      accessibilityTraits={
        Array [
          "button",
        ]
      }
      accessible={true}
      isTVSelectable={true}
      onResponderGrant={[Function]}
      onResponderMove={[Function]}
      onResponderRelease={[Function]}
      onResponderTerminate={[Function]}
      onResponderTerminationRequest={[Function]}
      onStartShouldSetResponder={[Function]}
      style={
        Object {
          "opacity": 1,
        }
      }
    >
      <View
        style={
          Array [
            Object {},
          ]
        }
      >
        <Text
          accessible={true}
          allowFontScaling={true}
          ellipsizeMode="tail"
          style={
            Array [
              Object {
                "color": "#007AFF",
                "fontSize": 18,
                "padding": 8,
                "textAlign": "center",
              },
            ]
          }
        >
          Add
        </Text>
      </View>
    </View>
  </View>
</View>
`;
